Archive member included because of file (symbol)

C:/Freescale/CW MCU v10.6/MCU/ARM_GCC_Support/ewl/lib/armv6-m\libc.a(exit.o)
                              ./Project_Settings/Startup_Code/__arm_start.o (exit)
C:/Freescale/CW MCU v10.6/MCU/ARM_GCC_Support/ewl/lib/armv6-m\libc.a(memcpy.o)
                              ./Generated_Code/usb_framework.o (memcpy)
C:/Freescale/CW MCU v10.6/MCU/ARM_GCC_Support/ewl/lib/armv6-m\libc.a(memset.o)
                              ./Generated_Code/usb_dci_kinetis.o (memset)
C:/Freescale/CW MCU v10.6/MCU/ARM_GCC_Support/ewl/lib/armv6-m\libc.a(printformat_.o)
                              (__pformatter_)
C:/Freescale/CW MCU v10.6/MCU/ARM_GCC_Support/ewl/lib/armv6-m\libc.a(scanformat_.o)
                              (__sformatter)
C:/Freescale/CW MCU v10.6/MCU/ARM_GCC_Support/ewl/lib/armv6-m\libc.a(ctype_aeabi.o)
                              C:/Freescale/CW MCU v10.6/MCU/ARM_GCC_Support/ewl/lib/armv6-m\libc.a(scanformat_.o) (isspace)
C:/Freescale/CW MCU v10.6/MCU/ARM_GCC_Support/ewl/lib/armv6-m\libc.a(__strtoul.o)
                              C:/Freescale/CW MCU v10.6/MCU/ARM_GCC_Support/ewl/lib/armv6-m\libc.a(scanformat_.o) (__strtoul)
C:/Freescale/CW MCU v10.6/MCU/ARM_GCC_Support/ewl/lib/armv6-m\libc.a(__filll_mem.o)
                              C:/Freescale/CW MCU v10.6/MCU/ARM_GCC_Support/ewl/lib/armv6-m\libc.a(memset.o) (__fill_mem)
C:/Freescale/CW MCU v10.6/MCU/ARM_GCC_Support/ewl/lib/armv6-m\libc.a(memchr.o)
                              C:/Freescale/CW MCU v10.6/MCU/ARM_GCC_Support/ewl/lib/armv6-m\libc.a(printformat_.o) (memchr)
C:/Freescale/CW MCU v10.6/MCU/ARM_GCC_Support/ewl/lib/armv6-m\libc.a(strchr.o)
                              C:/Freescale/CW MCU v10.6/MCU/ARM_GCC_Support/ewl/lib/armv6-m\libc.a(printformat_.o) (strchr)
C:/Freescale/CW MCU v10.6/MCU/ARM_GCC_Support/ewl/lib/armv6-m\libc.a(strlen.o)
                              C:/Freescale/CW MCU v10.6/MCU/ARM_GCC_Support/ewl/lib/armv6-m\libc.a(printformat_.o) (strlen)
c:/freescale/cw mcu v10.6/cross_tools/arm-none-eabi-gcc-4_7_3/bin/../lib/gcc/arm-none-eabi/4.7.3/armv6-m\libgcc.a(_thumb1_case_sqi.o)
                              C:/Freescale/CW MCU v10.6/MCU/ARM_GCC_Support/ewl/lib/armv6-m\libc.a(__strtoul.o) (__gnu_thumb1_case_sqi)
c:/freescale/cw mcu v10.6/cross_tools/arm-none-eabi-gcc-4_7_3/bin/../lib/gcc/arm-none-eabi/4.7.3/armv6-m\libgcc.a(_thumb1_case_uqi.o)
                              C:/Freescale/CW MCU v10.6/MCU/ARM_GCC_Support/ewl/lib/armv6-m\libc.a(scanformat_.o) (__gnu_thumb1_case_uqi)
c:/freescale/cw mcu v10.6/cross_tools/arm-none-eabi-gcc-4_7_3/bin/../lib/gcc/arm-none-eabi/4.7.3/armv6-m\libgcc.a(_udivsi3.o)
                              ./Generated_Code/Term1.o (__aeabi_uidiv)
c:/freescale/cw mcu v10.6/cross_tools/arm-none-eabi-gcc-4_7_3/bin/../lib/gcc/arm-none-eabi/4.7.3/armv6-m\libgcc.a(_divsi3.o)
                              ./Sources/main.o (__aeabi_idiv)
c:/freescale/cw mcu v10.6/cross_tools/arm-none-eabi-gcc-4_7_3/bin/../lib/gcc/arm-none-eabi/4.7.3/armv6-m\libgcc.a(_dvmd_tls.o)
                              c:/freescale/cw mcu v10.6/cross_tools/arm-none-eabi-gcc-4_7_3/bin/../lib/gcc/arm-none-eabi/4.7.3/armv6-m\libgcc.a(_udivsi3.o) (__aeabi_idiv0)
C:/Freescale/CW MCU v10.6/MCU/ARM_GCC_Support/ewl/lib/armv6-m\librt.a(gcc_ctor_dtor.o)
                              ./Project_Settings/Startup_Code/__arm_start.o (__init_cpp)
C:/Freescale/CW MCU v10.6/MCU/ARM_GCC_Support/ewl/lib/armv6-m\librt.a(ROMCopy.o)
                              ./Project_Settings/Startup_Code/__arm_start.o (__copy_rom_sections_to_ram)
C:/Freescale/CW MCU v10.6/MCU/ARM_GCC_Support/ewl/lib/armv6-m\librt.a(__arm_eabi_init.o)
                              C:/Freescale/CW MCU v10.6/MCU/ARM_GCC_Support/ewl/lib/armv6-m\libc.a(exit.o) (__destroy_global_chain)

Allocating common symbols
Common symbol       size              file

ASerialLdd1_DeviceDataPtr
                    0x4               ./Generated_Code/Inhr2.o
I2C_SndRcvTemp      0x2               ./Generated_Code/I2C.o
IntI2cLdd1_DeviceDataPtr
                    0x4               ./Generated_Code/I2C.o
SR_reg              0x1               ./Generated_Code/Cpu.o
g_class_request_params
                    0x2               ./Generated_Code/usb_hid.o
g_Mem               0x400             ./Generated_Code/usb_dci_kinetis.o

Discarded input sections

 .text          0x00000000        0x0 ./Generated_Code/wdt_kinetis.o
 .data          0x00000000        0x0 ./Generated_Code/wdt_kinetis.o
 .bss           0x00000000        0x0 ./Generated_Code/wdt_kinetis.o
 .text          0x00000000        0x0 ./Generated_Code/usb_hid.o
 .data          0x00000000        0x0 ./Generated_Code/usb_hid.o
 .bss           0x00000000        0x0 ./Generated_Code/usb_hid.o
 .text.USB_Class_HID_DeInit
                0x00000000       0x68 ./Generated_Code/usb_hid.o
 .text          0x00000000        0x0 ./Generated_Code/usb_framework.o
[...]
Memory Configuration

Name             Origin             Length             Attributes
m_interrupts     0x00000000         0x000000c0         xr
m_text           0x00000410         0x0001fbf0         xr
m_data           0x1ffff000         0x00004000         rw
m_cfmprotrom     0x00000400         0x00000010         xr
*default*        0x00000000         0xffffffff

Linker script and memory map

LOAD ./Generated_Code/wdt_kinetis.o
LOAD ./Generated_Code/usb_hid.o
LOAD ./Generated_Code/usb_framework.o
LOAD ./Generated_Code/usb_driver.o
LOAD ./Generated_Code/usb_descriptor.o
LOAD ./Generated_Code/usb_dci_kinetis.o
LOAD ./Generated_Code/usb_class.o
LOAD ./Generated_Code/Vectors.o
LOAD ./Generated_Code/USB1.o
LOAD ./Generated_Code/USB0.o
LOAD ./Generated_Code/Tx2.o
LOAD ./Generated_Code/Term1.o
LOAD ./Generated_Code/SW1.o
LOAD ./Generated_Code/PE_LDD.o
LOAD ./Generated_Code/IntI2cLdd1.o
LOAD ./Generated_Code/Inhr2.o
LOAD ./Generated_Code/Inhr1.o
LOAD ./Generated_Code/I2C.o
LOAD ./Generated_Code/HIDM1.o
LOAD ./Generated_Code/Cpu.o
LOAD ./Generated_Code/CS1.o
LOAD ./Generated_Code/BitIoLdd1.o
LOAD ./Generated_Code/ASerialLdd1.o
LOAD ./Project_Settings/Startup_Code/__arm_start.o
LOAD ./Project_Settings/Startup_Code/__arm_end.o
LOAD ./Sources/sa_mtb.o
LOAD ./Sources/main.o
LOAD ./Sources/Events.o
                0x00005ec8                __pformatter = __pformatter_
                [0x000062f0]                __sformatter = __sformatter
START GROUP
LOAD C:/Freescale/CW MCU v10.6/MCU/ARM_GCC_Support/ewl/lib/armv6-m\libc.a
LOAD C:/Freescale/CW MCU v10.6/MCU/ARM_GCC_Support/ewl/lib/armv6-m\libm.a
LOAD c:/freescale/cw mcu v10.6/cross_tools/arm-none-eabi-gcc-4_7_3/bin/../lib/gcc/arm-none-eabi/4.7.3/armv6-m\libgcc.a
LOAD C:/Freescale/CW MCU v10.6/MCU/ARM_GCC_Support/ewl/lib/armv6-m\librt.a
LOAD C:/Freescale/CW MCU v10.6/MCU/ARM_GCC_Support/ewl/lib/armv6-m\libuart.a
END GROUP
                0x20003000                _estack = 0x20003000
                0x20003000                __SP_INIT = _estack
                0x00000000                __heap_size = 0x0
                0x00000400                __stack_size = 0x400

.interrupts     0x00000000       0xc0
                0x00000000                __vector_table = .
                0x00000000                . = ALIGN (0x4)
 *(.vectortable)
 .vectortable   0x00000000       0xc0 ./Generated_Code/Vectors.o
                0x00000000                __vect_table
                0x000000c0                . = ALIGN (0x4)

.cfmprotect     0x00000400       0x10
                0x00000400                . = ALIGN (0x4)
 *(.cfmconfig)
 .cfmconfig     0x00000400       0x10 ./Generated_Code/Cpu.o
                0x00000400                _cfm
                0x00000410                . = ALIGN (0x4)

.text           0x00000410     0x6c4c
                0x00000410                . = ALIGN (0x4)
 *(.text)
 .text          0x00000410       0x14 c:/freescale/cw mcu v10.6/cross_tools/arm-none-eabi-gcc-4_7_3/bin/../lib/gcc/arm-none-eabi/4.7.3/armv6-m\libgcc.a(_thumb1_case_sqi.o)
                0x00000410                __gnu_thumb1_case_sqi
 .text          0x00000424       0x14 c:/freescale/cw mcu v10.6/cross_tools/arm-none-eabi-gcc-4_7_3/bin/../lib/gcc/arm-none-eabi/4.7.3/armv6-m\libgcc.a(_thumb1_case_uqi.o)
                0x00000424                __gnu_thumb1_case_uqi
 .text          0x00000438       0x9c c:/freescale/cw mcu v10.6/cross_tools/arm-none-eabi-gcc-4_7_3/bin/../lib/gcc/arm-none-eabi/4.7.3/armv6-m\libgcc.a(_udivsi3.o)
                0x00000438                __aeabi_uidiv
                0x00000438                __udivsi3
                0x000004c0                __aeabi_uidivmod
 .text          0x000004d4       0xc0 c:/freescale/cw mcu v10.6/cross_tools/arm-none-eabi-gcc-4_7_3/bin/../lib/gcc/arm-none-eabi/4.7.3/armv6-m\libgcc.a(_divsi3.o)
                0x000004d4                __divsi3
                0x000004d4                __aeabi_idiv
                0x00000580                __aeabi_idivmod
 .text          0x00000594        0x4 c:/freescale/cw mcu v10.6/cross_tools/arm-none-eabi-gcc-4_7_3/bin/../lib/gcc/arm-none-eabi/4.7.3/armv6-m\libgcc.a(_dvmd_tls.o)
                0x00000594                __aeabi_idiv0
                0x00000594                __aeabi_ldiv0
 *(.text*)
 .text.Watchdog_Reset
                0x00000598       0x1c ./Generated_Code/wdt_kinetis.o
                0x00000598                Watchdog_Reset
 .text.USB_Map_Ep_To_Struct_Index
                0x000005b4       0x7c ./Generated_Code/usb_hid.o
 .text.USB_Service_Hid
                0x00000630      0x11c ./Generated_Code/usb_hid.o
                0x00000630                USB_Service_Hid
 .text.USB_Class_Hid_Event
                0x0000074c      0x1f4 ./Generated_Code/usb_hid.o
                0x0000074c                USB_Class_Hid_Event
 .text.USB_Other_Requests
                0x00000940      0x19c ./Generated_Code/usb_hid.o
 .text.USB_Class_HID_Init
                0x00000adc      0x164 ./Generated_Code/usb_hid.o
                0x00000adc                USB_Class_HID_Init
 .text.USB_Class_HID_Send_Data
                0x00000c40      0x1c8 ./Generated_Code/usb_hid.o
                0x00000c40                USB_Class_HID_Send_Data
 .text.USB_Framework_Init
                0x00000e08       0x5c ./Generated_Code/usb_framework.o
                0x00000e08                USB_Framework_Init
 .text.USB_Control_Service
                0x00000e64      0x218 ./Generated_Code/usb_framework.o
                0x00000e64                USB_Control_Service
 .text.USB_Control_Service_Handler
                0x0000107c       0x84 ./Generated_Code/usb_framework.o
 .text.USB_Strd_Req_Get_Status
                0x00001100      0x1c4 ./Generated_Code/usb_framework.o
 .text.USB_Strd_Req_Feature
                0x000012c4      0x208 ./Generated_Code/usb_framework.o
 .text.USB_Strd_Req_Set_Address
                0x000014cc       0x40 ./Generated_Code/usb_framework.o
 .text.USB_Strd_Req_Assign_Address
                0x0000150c       0x44 ./Generated_Code/usb_framework.o
 .text.USB_Strd_Req_Get_Config
                0x00001550       0x54 ./Generated_Code/usb_framework.o
 .text.USB_Strd_Req_Set_Config
                0x000015a4       0xdc ./Generated_Code/usb_framework.o
 .text.USB_Strd_Req_Get_Interface
                0x00001680       0x64 ./Generated_Code/usb_framework.o
 .text.USB_Strd_Req_Set_Interface
                0x000016e4       0x5c ./Generated_Code/usb_framework.o
 .text.USB_Strd_Req_Sync_Frame
                0x00001740       0x58 ./Generated_Code/usb_framework.o
 .text.USB_Strd_Req_Get_Descriptor
                0x00001798       0x84 ./Generated_Code/usb_framework.o
 .text.USB_Device_Init_Params
                0x0000181c       0x74 ./Generated_Code/usb_driver.o
 .text._usb_device_init
                0x00001890       0x5c ./Generated_Code/usb_driver.o
                0x00001890                _usb_device_init
 .text._usb_device_init_endpoint
                0x000018ec       0xc8 ./Generated_Code/usb_driver.o
                0x000018ec                _usb_device_init_endpoint
 .text._usb_device_deinit_endpoint
                0x000019b4       0x84 ./Generated_Code/usb_driver.o
                0x000019b4                _usb_device_deinit_endpoint
 .text._usb_device_get_status
                0x00001a38       0x84 ./Generated_Code/usb_driver.o
                0x00001a38                _usb_device_get_status
 .text._usb_device_set_status
                0x00001abc      0x10c ./Generated_Code/usb_driver.o
                0x00001abc                _usb_device_set_status
 .text._usb_device_register_service
                0x00001bc8       0x20 ./Generated_Code/usb_driver.o
                0x00001bc8                _usb_device_register_service
 .text.USB_Device_Call_Service
                0x00001be8       0x48 ./Generated_Code/usb_driver.o
                0x00001be8                USB_Device_Call_Service
 .text.USB_NULL_CALLBACK
                0x00001c30       0x10 ./Generated_Code/usb_driver.o
                0x00001c30                USB_NULL_CALLBACK
 .text.USB_Desc_Get_Descriptor
                0x00001c40      0x1b0 ./Generated_Code/usb_descriptor.o
                0x00001c40                USB_Desc_Get_Descriptor
 .text.USB_Desc_Get_Interface
                0x00001df0       0x3c ./Generated_Code/usb_descriptor.o
                0x00001df0                USB_Desc_Get_Interface
 .text.USB_Desc_Set_Interface
                0x00001e2c       0x38 ./Generated_Code/usb_descriptor.o
                0x00001e2c                USB_Desc_Set_Interface
 .text.USB_Desc_Valid_Configation
                0x00001e64       0x58 ./Generated_Code/usb_descriptor.o
                0x00001e64                USB_Desc_Valid_Configation
 .text.USB_Desc_Remote_Wakeup
                0x00001ebc       0x18 ./Generated_Code/usb_descriptor.o
                0x00001ebc                USB_Desc_Remote_Wakeup
 .text.USB_Desc_Get_Endpoints
                0x00001ed4       0x1c ./Generated_Code/usb_descriptor.o
                0x00001ed4                USB_Desc_Get_Endpoints
 .text.USB_Bus_Reset_Handler
                0x00001ef0       0xd0 ./Generated_Code/usb_dci_kinetis.o
 .text.USB_DCI_Get_BDT_Index
                0x00001fc0       0x5c ./Generated_Code/usb_dci_kinetis.o
 .text.USB_DCI_Validate_Param
                0x0000201c       0x78 ./Generated_Code/usb_dci_kinetis.o
 .text.USB_DCI_Prepare_Send_Data
                0x00002094       0xfc ./Generated_Code/usb_dci_kinetis.o
 .text.USB_DCI_Init
                0x00002190      0x184 ./Generated_Code/usb_dci_kinetis.o
                0x00002190                USB_DCI_Init
 .text.USB_DCI_Init_EndPoint
                0x00002314      0x35c ./Generated_Code/usb_dci_kinetis.o
                0x00002314                USB_DCI_Init_EndPoint
 .text._usb_device_cancel_transfer
                0x00002670       0xd0 ./Generated_Code/usb_dci_kinetis.o
                0x00002670                _usb_device_cancel_transfer
 .text.USB_DCI_Deinit_EndPoint
                0x00002740       0xdc ./Generated_Code/usb_dci_kinetis.o
                0x00002740                USB_DCI_Deinit_EndPoint
 .text._usb_device_stall_endpoint
                0x0000281c       0xa0 ./Generated_Code/usb_dci_kinetis.o
                0x0000281c                _usb_device_stall_endpoint
 .text._usb_device_unstall_endpoint
                0x000028bc      0x120 ./Generated_Code/usb_dci_kinetis.o
                0x000028bc                _usb_device_unstall_endpoint
 .text._usb_device_clear_data0_endpoint
                0x000029dc       0x7c ./Generated_Code/usb_dci_kinetis.o
                0x000029dc                _usb_device_clear_data0_endpoint
 .text._usb_device_recv_data
                0x00002a58      0x294 ./Generated_Code/usb_dci_kinetis.o
                0x00002a58                _usb_device_recv_data
 .text._usb_device_send_data
                0x00002cec      0x168 ./Generated_Code/usb_dci_kinetis.o
                0x00002cec                _usb_device_send_data
 .text._usb_device_set_address
                0x00002e54       0x34 ./Generated_Code/usb_dci_kinetis.o
                0x00002e54                _usb_device_set_address
 .text._usb_device_assert_resume
                0x00002e88       0xd0 ./Generated_Code/usb_dci_kinetis.o
                0x00002e88                _usb_device_assert_resume
 .text.USB_Bus_Token_Cpl_Handler
                0x00002f58      0x634 ./Generated_Code/usb_dci_kinetis.o
 .text.USB_ISR  0x0000358c      0x350 ./Generated_Code/usb_dci_kinetis.o
                0x0000358c                USB_ISR
 .text.Clear_Mem
                0x000038dc       0x28 ./Generated_Code/usb_dci_kinetis.o
                0x000038dc                Clear_Mem
 .text.USB_Suspend_Service
                0x00003904       0x44 ./Generated_Code/usb_class.o
                0x00003904                USB_Suspend_Service
 .text.USB_Resume_Service
                0x00003948       0x50 ./Generated_Code/usb_class.o
                0x00003948                USB_Resume_Service
 .text.USB_Stall_Service
                0x00003998       0x34 ./Generated_Code/usb_class.o
                0x00003998                USB_Stall_Service
 .text.USB_Sof_Service
                0x000039cc       0x7c ./Generated_Code/usb_class.o
                0x000039cc                USB_Sof_Service
 .text.USB_Reset_Service
                0x00003a48      0x118 ./Generated_Code/usb_class.o
                0x00003a48                USB_Reset_Service
 .text.USB_Error_Service
                0x00003b60       0x28 ./Generated_Code/usb_class.o
                0x00003b60                USB_Error_Service
 .text.USB_Class_Init
                0x00003b88      0x158 ./Generated_Code/usb_class.o
                0x00003b88                USB_Class_Init
 .text.USB_Class_Initiate_Resume
                0x00003ce0       0x84 ./Generated_Code/usb_class.o
                0x00003ce0                USB_Class_Initiate_Resume
 .text.USB_Class_Send_Data
                0x00003d64       0x60 ./Generated_Code/usb_class.o
                0x00003d64                USB_Class_Send_Data
 .text.USB_Class_Periodic_Task
                0x00003dc4        0x8 ./Generated_Code/usb_class.o
                0x00003dc4                USB_Class_Periodic_Task
 .text.USB1_usb_int_en
                0x00003dcc       0x20 ./Generated_Code/USB1.o
                0x00003dcc                USB1_usb_int_en
 .text.USB1_Init
                0x00003dec       0x2c ./Generated_Code/USB1.o
                0x00003dec                USB1_Init
 .text.USB0_Init
                0x00003e18      0x17c ./Generated_Code/USB0.o
                0x00003e18                USB0_Init
 .text.Tx2_Put  0x00003f94       0x88 ./Generated_Code/Tx2.o
                0x00003f94                Tx2_Put
 .text.Tx2_Get  0x0000401c       0x88 ./Generated_Code/Tx2.o
                0x0000401c                Tx2_Get
 .text.Tx2_Init
                0x000040a4       0x28 ./Generated_Code/Tx2.o
                0x000040a4                Tx2_Init
 .text.SendESCPrefix
                0x000040cc       0x24 ./Generated_Code/Term1.o
 .text.Term1_CRLF
                0x000040f0       0x24 ./Generated_Code/Term1.o
                0x000040f0                Term1_CRLF
 .text.Term1_SendStr
                0x00004114       0x34 ./Generated_Code/Term1.o
                0x00004114                Term1_SendStr
 .text.LongToStr
                0x00004148      0x15c ./Generated_Code/Term1.o
 .text.Term1_SendNum
                0x000042a4       0x60 ./Generated_Code/Term1.o
                0x000042a4                Term1_SendNum
 .text.Term1_SetColor
                0x00004304       0x6c ./Generated_Code/Term1.o
                0x00004304                Term1_SetColor
 .text.SW1_GetVal
                0x00004370       0x2c ./Generated_Code/SW1.o
                0x00004370                SW1_GetVal
 .text.IntI2cLdd1_Main
                0x0000439c      0x2e8 ./Generated_Code/IntI2cLdd1.o
                0x0000439c                IntI2cLdd1_Main
 .text.IntI2cLdd1_Init
                0x00004684       0xe8 ./Generated_Code/IntI2cLdd1.o
                0x00004684                IntI2cLdd1_Init
 .text.IntI2cLdd1_MasterSendBlock
                0x0000476c      0x154 ./Generated_Code/IntI2cLdd1.o
                0x0000476c                IntI2cLdd1_MasterSendBlock
 .text.IntI2cLdd1_MasterGetBlockSentStatus
                0x000048c0       0x34 ./Generated_Code/IntI2cLdd1.o
                0x000048c0                IntI2cLdd1_MasterGetBlockSentStatus
 .text.IntI2cLdd1_MasterGetSentDataNum
                0x000048f4       0x14 ./Generated_Code/IntI2cLdd1.o
                0x000048f4                IntI2cLdd1_MasterGetSentDataNum
 .text.IntI2cLdd1_MasterReceiveBlock
                0x00004908      0x154 ./Generated_Code/IntI2cLdd1.o
                0x00004908                IntI2cLdd1_MasterReceiveBlock
 .text.IntI2cLdd1_MasterGetBlockReceivedStatus
                0x00004a5c       0x3c ./Generated_Code/IntI2cLdd1.o
                0x00004a5c                IntI2cLdd1_MasterGetBlockReceivedStatus
 .text.IntI2cLdd1_MasterGetReceivedDataNum
                0x00004a98       0x14 ./Generated_Code/IntI2cLdd1.o
                0x00004a98                IntI2cLdd1_MasterGetReceivedDataNum
 .text.IntI2cLdd1_SelectSlaveDevice
                0x00004aac      0x100 ./Generated_Code/IntI2cLdd1.o
                0x00004aac                IntI2cLdd1_SelectSlaveDevice
 .text.IntI2cLdd1_GetError
                0x00004bac       0x28 ./Generated_Code/IntI2cLdd1.o
                0x00004bac                IntI2cLdd1_GetError
 .text.IntI2cLdd1_CheckBus
                0x00004bd4       0x34 ./Generated_Code/IntI2cLdd1.o
                0x00004bd4                IntI2cLdd1_CheckBus
 .text.HWEnDi   0x00004c08       0x20 ./Generated_Code/Inhr2.o
 .text.Inhr2_SendChar
                0x00004c28       0x68 ./Generated_Code/Inhr2.o
                0x00004c28                Inhr2_SendChar
 .text.Inhr2_Init
                0x00004c90       0x28 ./Generated_Code/Inhr2.o
                0x00004c90                Inhr2_Init
 .text.ASerialLdd1_OnBreak
                0x00004cb8       0x20 ./Generated_Code/Inhr2.o
                0x00004cb8                ASerialLdd1_OnBreak
 .text.I2C_SendBlock
                0x00004cd8      0x190 ./Generated_Code/I2C.o
                0x00004cd8                I2C_SendBlock
 .text.I2C_RecvBlock
                0x00004e68      0x188 ./Generated_Code/I2C.o
                0x00004e68                I2C_RecvBlock
 .text.I2C_SelectSlave
                0x00004ff0       0x38 ./Generated_Code/I2C.o
                0x00004ff0                I2C_SelectSlave
 .text.I2C_Init
                0x00005028       0x18 ./Generated_Code/I2C.o
                0x00005028                I2C_Init
 .text.USB_App_Param_Callback
                0x00005040      0x108 ./Generated_Code/HIDM1.o
                0x00005040                USB_App_Param_Callback
 .text.HIDM1_App_Callback
                0x00005148       0x64 ./Generated_Code/HIDM1.o
                0x00005148                HIDM1_App_Callback
 .text.HIDM1_App_Task
                0x000051ac       0x98 ./Generated_Code/HIDM1.o
                0x000051ac                HIDM1_App_Task
 .text.HIDM1_Init
                0x00005244       0x38 ./Generated_Code/HIDM1.o
                0x00005244                HIDM1_Init
 .text.HIDM1_Move
                0x0000527c       0x3c ./Generated_Code/HIDM1.o
                0x0000527c                HIDM1_Move
 .text.Cpu_INT_NMIInterrupt
                0x000052b8        0xc ./Generated_Code/Cpu.o
                0x000052b8                Cpu_INT_NMIInterrupt
 .text.Cpu_Interrupt
                0x000052c4        0xc ./Generated_Code/Cpu.o
                0x000052c4                Cpu_Interrupt
 .text.__init_hardware
                0x000052d0      0x174 ./Generated_Code/Cpu.o
                0x000052d0                __init_hardware
 .text.PE_low_level_init
                0x00005444       0xc4 ./Generated_Code/Cpu.o
                0x00005444                PE_low_level_init
 .text.BitIoLdd1_Init
                0x00005508       0x58 ./Generated_Code/BitIoLdd1.o
                0x00005508                BitIoLdd1_Init
 .text.BitIoLdd1_GetVal
                0x00005560       0x28 ./Generated_Code/BitIoLdd1.o
                0x00005560                BitIoLdd1_GetVal
 .text.BitIoLdd1_ConnectPin
                0x00005588       0x2c ./Generated_Code/BitIoLdd1.o
                0x00005588                BitIoLdd1_ConnectPin
 .text.ASerialLdd1_Init
                0x000055b4      0x170 ./Generated_Code/ASerialLdd1.o
                0x000055b4                ASerialLdd1_Init
 .text.ASerialLdd1_ReceiveBlock
                0x00005724       0x48 ./Generated_Code/ASerialLdd1.o
                0x00005724                ASerialLdd1_ReceiveBlock
 .text.ASerialLdd1_SendBlock
                0x0000576c       0x58 ./Generated_Code/ASerialLdd1.o
                0x0000576c                ASerialLdd1_SendBlock
 .text.InterruptRx
                0x000057c4       0x50 ./Generated_Code/ASerialLdd1.o
 .text.InterruptTx
                0x00005814       0x5c ./Generated_Code/ASerialLdd1.o
 .text.ASerialLdd1_Main
                0x00005870       0xec ./Generated_Code/ASerialLdd1.o
                0x00005870                ASerialLdd1_Main
 .text.zero_fill_bss
                0x0000595c       0x24 ./Project_Settings/Startup_Code/__arm_start.o
 .text.__thumb_startup
                0x00005980       0x30 ./Project_Settings/Startup_Code/__arm_start.o
                0x00005980                __thumb_startup
 .text._ExitProcess
                0x000059b0        0xc ./Project_Settings/Startup_Code/__arm_end.o
                0x000059b0                _ExitProcess
 .text.APP_Run  0x000059bc      0x200 ./Sources/main.o
                0x000059bc                APP_Run
 .text.red_on   0x00005bbc       0x14 ./Sources/main.o
                0x00005bbc                red_on
 .text.red_off  0x00005bd0       0x14 ./Sources/main.o
                0x00005bd0                red_off
 .text.green_on
                0x00005be4       0x14 ./Sources/main.o
                0x00005be4                green_on
 .text.green_off
                0x00005bf8       0x14 ./Sources/main.o
                0x00005bf8                green_off
 .text.delay_time
                0x00005c0c       0x24 ./Sources/main.o
                0x00005c0c                delay_time
 .text.init_leds
                0x00005c30       0x8c ./Sources/main.o
                0x00005c30                init_leds
 .text.main     0x00005cbc       0x10 ./Sources/main.o
                0x00005cbc                main
 .text.Cpu_OnNMIINT
                0x00005ccc        0x8 ./Sources/Events.o
                0x00005ccc                Cpu_OnNMIINT
 .text.exit     0x00005cd4       0x38 C:/Freescale/CW MCU v10.6/MCU/ARM_GCC_Support/ewl/lib/armv6-m\libc.a(exit.o)
                0x00005cd4                exit
 .text.memcpy   0x00005d0c       0x12 C:/Freescale/CW MCU v10.6/MCU/ARM_GCC_Support/ewl/lib/armv6-m\libc.a(memcpy.o)
                0x00005d0c                memcpy
 .text.memset   0x00005d1e        0xc C:/Freescale/CW MCU v10.6/MCU/ARM_GCC_Support/ewl/lib/armv6-m\libc.a(memset.o)
                0x00005d1e                memset
 *fill*         0x00005d2a        0x2 00
 .text.long2str.isra.0
                0x00005d2c      0x19c C:/Freescale/CW MCU v10.6/MCU/ARM_GCC_Support/ewl/lib/armv6-m\libc.a(printformat_.o)
 .text.__pformatter_
                0x00005ec8      0x428 C:/Freescale/CW MCU v10.6/MCU/ARM_GCC_Support/ewl/lib/armv6-m\libc.a(printformat_.o)
                0x00005ec8                __pformatter_
 .text.__sformatter
                0x000062f0      0x698 C:/Freescale/CW MCU v10.6/MCU/ARM_GCC_Support/ewl/lib/armv6-m\libc.a(scanformat_.o)
                0x000062f0                __sformatter
 .text.isalpha  0x00006988       0x20 C:/Freescale/CW MCU v10.6/MCU/ARM_GCC_Support/ewl/lib/armv6-m\libc.a(ctype_aeabi.o)
                0x00006988                isalpha
 .text.isspace  0x000069a8       0x20 C:/Freescale/CW MCU v10.6/MCU/ARM_GCC_Support/ewl/lib/armv6-m\libc.a(ctype_aeabi.o)
                0x000069a8                isspace
 .text.toupper  0x000069c8        0xe C:/Freescale/CW MCU v10.6/MCU/ARM_GCC_Support/ewl/lib/armv6-m\libc.a(ctype_aeabi.o)
                0x000069c8                toupper
 .text.__strtoul
                0x000069d6      0x1ce C:/Freescale/CW MCU v10.6/MCU/ARM_GCC_Support/ewl/lib/armv6-m\libc.a(__strtoul.o)
                0x000069d6                __strtoul
 .text.__fill_mem
                0x00006ba4       0x7e C:/Freescale/CW MCU v10.6/MCU/ARM_GCC_Support/ewl/lib/armv6-m\libc.a(__filll_mem.o)
                0x00006ba4                __fill_mem
 .text.memchr   0x00006c22       0x1a C:/Freescale/CW MCU v10.6/MCU/ARM_GCC_Support/ewl/lib/armv6-m\libc.a(memchr.o)
                0x00006c22                memchr
 .text.strchr   0x00006c3c       0x1e C:/Freescale/CW MCU v10.6/MCU/ARM_GCC_Support/ewl/lib/armv6-m\libc.a(strchr.o)
                0x00006c3c                strchr
 .text.strlen   0x00006c5a       0x10 C:/Freescale/CW MCU v10.6/MCU/ARM_GCC_Support/ewl/lib/armv6-m\libc.a(strlen.o)
                0x00006c5a                strlen
 *fill*         0x00006c6a        0x2 00
 .text.__init_cpp
                0x00006c6c       0x48 C:/Freescale/CW MCU v10.6/MCU/ARM_GCC_Support/ewl/lib/armv6-m\librt.a(gcc_ctor_dtor.o)
                0x00006c6c                __init_cpp
 .text.__fini_cpp
                0x00006cb4       0x34 C:/Freescale/CW MCU v10.6/MCU/ARM_GCC_Support/ewl/lib/armv6-m\librt.a(gcc_ctor_dtor.o)
                0x00006cb4                __fini_cpp
 .text.__copy_rom_section
                0x00006ce8       0x48 C:/Freescale/CW MCU v10.6/MCU/ARM_GCC_Support/ewl/lib/armv6-m\librt.a(ROMCopy.o)
                0x00006ce8                __copy_rom_section
 .text.__copy_rom_sections_to_ram
                0x00006d30       0x34 C:/Freescale/CW MCU v10.6/MCU/ARM_GCC_Support/ewl/lib/armv6-m\librt.a(ROMCopy.o)
                0x00006d30                __copy_rom_sections_to_ram
 .text.__destroy_global_chain
                0x00006d64       0x1c C:/Freescale/CW MCU v10.6/MCU/ARM_GCC_Support/ewl/lib/armv6-m\librt.a(__arm_eabi_init.o)
                0x00006d64                __destroy_global_chain
 .text.__init_registers
                0x00006d80       0x1c C:/Freescale/CW MCU v10.6/MCU/ARM_GCC_Support/ewl/lib/armv6-m\librt.a(__arm_eabi_init.o)
                0x00006d80                __init_registers
 .text.__init_user
                0x00006d9c        0x4 C:/Freescale/CW MCU v10.6/MCU/ARM_GCC_Support/ewl/lib/armv6-m\librt.a(__arm_eabi_init.o)
                0x00006d9c                __init_user
 *(.rodata)
 .rodata        0x00006da0        0x8 ./Generated_Code/usb_dci_kinetis.o
 .rodata        0x00006da8       0x20 ./Sources/main.o
 *(.rodata*)
 .rodata.USB_Other_Requests
                0x00006dc8       0x30 ./Generated_Code/usb_hid.o
 .rodata.g_validate_request
                0x00006df8       0x28 ./Generated_Code/usb_framework.o
                0x00006df8                g_validate_request
 .rodata.g_standard_request
                0x00006e20       0x34 ./Generated_Code/usb_framework.o
                0x00006e20                g_standard_request
 .rodata.g_usb_CB
                0x00006e54       0x60 ./Generated_Code/usb_driver.o
 .rodata.usb_desc_ep
                0x00006eb4        0x8 ./Generated_Code/usb_descriptor.o
                0x00006eb4                usb_desc_ep
 .rodata.g_std_desc_size
                0x00006ebc       0x14 ./Generated_Code/usb_descriptor.o
                0x00006ebc                g_std_desc_size
 .rodata.g_std_descriptors
                0x00006ed0       0x24 ./Generated_Code/usb_descriptor.o
                0x00006ed0                g_std_descriptors
 .rodata.g_string_desc_size
                0x00006ef4        0x4 ./Generated_Code/usb_descriptor.o
                0x00006ef4                g_string_desc_size
 .rodata.g_string_descriptors
                0x00006ef8       0x10 ./Generated_Code/usb_descriptor.o
                0x00006ef8                g_string_descriptors
 .rodata.g_languages
                0x00006f08       0x14 ./Generated_Code/usb_descriptor.o
                0x00006f08                g_languages
 .rodata.g_valid_config_values
                0x00006f1c        0x4 ./Generated_Code/usb_descriptor.o
                0x00006f1c                g_valid_config_values
 .rodata.USB_App_Param_Callback
                0x00006f20       0x30 ./Generated_Code/HIDM1.o
 .rodata.str1.1
                0x00006f50        0x1 C:/Freescale/CW MCU v10.6/MCU/ARM_GCC_Support/ewl/lib/armv6-m\libc.a(printformat_.o)
 .rodata.CSWTCH.20
                0x00006f51        0x5 C:/Freescale/CW MCU v10.6/MCU/ARM_GCC_Support/ewl/lib/armv6-m\libc.a(printformat_.o)
 .rodata.CSWTCH.21
                0x00006f56        0x5 C:/Freescale/CW MCU v10.6/MCU/ARM_GCC_Support/ewl/lib/armv6-m\libc.a(printformat_.o)
 .rodata.__aeabi_ctype_table_C
                0x00006f5b      0x101 C:/Freescale/CW MCU v10.6/MCU/ARM_GCC_Support/ewl/lib/armv6-m\libc.a(ctype_aeabi.o)
                0x00006f5b                __aeabi_ctype_table_C
 *(.glue_7)
 .glue_7        0x00000000        0x0 linker stubs
 *(.glue_7t)
 .glue_7t       0x00000000        0x0 linker stubs
 *(.eh_frame)
 *(.init)
 *(.fini)
                0x0000705c                . = ALIGN (0x4)
                0x0000705c                _etext = .

.vfp11_veneer   0x0000705c        0x0
 .vfp11_veneer  0x00000000        0x0 linker stubs

.v4_bx          0x0000705c        0x0
 .v4_bx         0x00000000        0x0 linker stubs

.iplt           0x0000705c        0x0
 .iplt          0x00000000        0x0 ./Generated_Code/wdt_kinetis.o

.rel.dyn        0x0000705c        0x0
 .rel.iplt      0x00000000        0x0 ./Generated_Code/wdt_kinetis.o

.ARM.extab
 *(.ARM.extab* .gnu.linkonce.armextab.*)

.ARM            0x0000705c        0x0
                0x0000705c                __exidx_start = .
 *(.ARM.exidx*)
                0x0000705c                __exidx_end = .

.ctors          0x0000705c        0x0
                0x0000705c                __CTOR_LIST__ = .
 *crtbegin.o(.ctors)
 *(EXCLUDE_FILE(*crtend.o) .ctors)
 *(SORT(.ctors.*))
 *(.ctors)
                0x0000705c                __CTOR_END__ = .

.dtors          0x0000705c        0x0
                0x0000705c                __DTOR_LIST__ = .
 *crtbegin.o(.dtors)
 *(EXCLUDE_FILE(*crtend.o) .dtors)
 *(SORT(.dtors.*))
 *(.dtors)
                0x0000705c                __DTOR_END__ = .

.preinit_array  0x0000705c        0x0
                0x0000705c                PROVIDE (__preinit_array_start, .)
 *(.preinit_array*)
                0x0000705c                PROVIDE (__preinit_array_end, .)

.init_array     0x0000705c        0x0
                0x0000705c                PROVIDE (__init_array_start, .)
 *(SORT(.init_array.*))
 *(.init_array*)
                0x0000705c                PROVIDE (__init_array_end, .)

.fini_array     0x0000705c        0x0
                0x0000705c                PROVIDE (__fini_array_start, .)
 *(SORT(.fini_array.*))
 *(.fini_array*)
                0x0000705c                PROVIDE (__fini_array_end, .)
                0x0000705c                ___ROM_AT = .

.mtb            0x1ffff000        0x0
                0x1ffff000                . = ALIGN (0x8)
                0x1ffff000                _mtb_start = .
 *(.mtb_buf)
                0x1ffff000                . = ALIGN (0x8)
                0x1ffff000                _mtb_end = .

.data           0x1ffff000       0xf4 load address 0x0000705c
                0x1ffff000                . = ALIGN (0x4)
                0x1ffff000                _sdata = .
 *(.data)
 *(.data*)
 .data.g_device_descriptor
                0x1ffff000       0x14 ./Generated_Code/usb_descriptor.o
                0x1ffff000                g_device_descriptor
 .data.g_config_descriptor
                0x1ffff014       0x24 ./Generated_Code/usb_descriptor.o
                0x1ffff014                g_config_descriptor
 .data.g_report_descriptor
                0x1ffff038       0x34 ./Generated_Code/usb_descriptor.o
                0x1ffff038                g_report_descriptor
 .data.USB_STR_0
                0x1ffff06c        0x4 ./Generated_Code/usb_descriptor.o
                0x1ffff06c                USB_STR_0
 .data.USB_STR_1
                0x1ffff070       0x3c ./Generated_Code/usb_descriptor.o
                0x1ffff070                USB_STR_1
 .data.USB_STR_2
                0x1ffff0ac       0x20 ./Generated_Code/usb_descriptor.o
                0x1ffff0ac                USB_STR_2
 .data.USB_STR_n
                0x1ffff0cc       0x24 ./Generated_Code/usb_descriptor.o
                0x1ffff0cc                USB_STR_n
 .data.g_trf_direction
                0x1ffff0f0        0x1 ./Generated_Code/usb_dci_kinetis.o
                0x1ffff0f4                . = ALIGN (0x4)
 *fill*         0x1ffff0f1        0x3 00
                0x1ffff0f4                _edata = .
                0x000000f4                ___data_size = (_edata - _sdata)

.igot.plt       0x1ffff0f4        0x0 load address 0x00007150
 .igot.plt      0x00000000        0x0 ./Generated_Code/wdt_kinetis.o
                0x1ffff0f4                . = ALIGN (0x4)

.bss            0x1ffff200      0x80c load address 0x00007400
                0x1ffff200                __START_BSS = .
                0x1ffff200                PROVIDE (__bss_start__, __START_BSS)
 *(.bss)
 *(.bss*)
 .bss.g_hid_endpoint_data
                0x1ffff200       0x3c ./Generated_Code/usb_hid.o
 .bss.g_hid_class_callback
                0x1ffff23c        0x4 ./Generated_Code/usb_hid.o
 .bss.g_vendor_req_callback
                0x1ffff240        0x4 ./Generated_Code/usb_hid.o
 .bss.g_param_callback
                0x1ffff244        0x4 ./Generated_Code/usb_hid.o
 .bss.g_setup_pkt
                0x1ffff248        0x8 ./Generated_Code/usb_framework.o
 .bss.g_std_framework_data
                0x1ffff250        0x2 ./Generated_Code/usb_framework.o
 .bss.g_assigned_address
                0x1ffff252        0x1 ./Generated_Code/usb_framework.o
 *fill*         0x1ffff253        0x1 00
 .bss.g_framework_callback
                0x1ffff254        0x4 ./Generated_Code/usb_framework.o
 .bss.g_other_req_callback
                0x1ffff258        0x4 ./Generated_Code/usb_framework.o
 .bss.ext_req_to_host
                0x1ffff25c       0x28 ./Generated_Code/usb_framework.o
 .bss.g_usb_component_status
                0x1ffff284        0x8 ./Generated_Code/usb_driver.o
 .bss.g_usb_ep_status
                0x1ffff28c        0x8 ./Generated_Code/usb_driver.o
 .bss.g_EPn     0x1ffff294        0x1 ./Generated_Code/usb_driver.o
 .bss.g_EPn_max
                0x1ffff295        0x1 ./Generated_Code/usb_driver.o
 *fill*         0x1ffff296        0x2 00
 .bss.g_alternate_interface
                0x1ffff298        0x4 ./Generated_Code/usb_descriptor.o
 .bss.device_desc_req_count
                0x1ffff29c        0x4 ./Generated_Code/usb_descriptor.o
                0x1ffff29c                device_desc_req_count
 .bss.g_bdtmap  0x1ffff2a0        0x4 ./Generated_Code/usb_dci_kinetis.o
                0x1ffff2a0                g_bdtmap
 .bss.g_bdt_elem
                0x1ffff2a4      0x240 ./Generated_Code/usb_dci_kinetis.o
 .bss.g_dci_controller_Id
                0x1ffff4e4        0x1 ./Generated_Code/usb_dci_kinetis.o
 *fill*         0x1ffff4e5        0x3 00
 .bss.g_bdt_address
                0x1ffff4e8        0x4 ./Generated_Code/usb_dci_kinetis.o
 .bss.g_class_callback
                0x1ffff4ec        0x4 ./Generated_Code/usb_class.o
 .bss.g_device_state_before_suspend
                0x1ffff4f0        0x1 ./Generated_Code/usb_class.o
 *fill*         0x1ffff4f1        0x3 00
 .bss.Tx2_buffer
                0x1ffff4f4       0x10 ./Generated_Code/Tx2.o
 .bss.Tx2_inIdx
                0x1ffff504        0x1 ./Generated_Code/Tx2.o
 .bss.Tx2_outIdx
                0x1ffff505        0x1 ./Generated_Code/Tx2.o
 .bss.Tx2_inSize
                0x1ffff506        0x1 ./Generated_Code/Tx2.o
 *fill*         0x1ffff507        0x1 00
 .bss.PE_LDD_DeviceDataList
                0x1ffff508        0xc ./Generated_Code/PE_LDD.o
                0x1ffff508                PE_LDD_DeviceDataList
 .bss.DeviceDataPrv__DEFAULT_RTOS_ALLOC
                0x1ffff514       0x1c ./Generated_Code/IntI2cLdd1.o
 .bss.SerFlag   0x1ffff530        0x2 ./Generated_Code/Inhr2.o
 .bss.BufferRead
                0x1ffff532        0x1 ./Generated_Code/Inhr2.o
 .bss.OutBuffer
                0x1ffff533        0x1 ./Generated_Code/Inhr2.o
 .bss.rpt_buf   0x1ffff534        0x4 ./Generated_Code/HIDM1.o
 .bss.g_app_request_params
                0x1ffff538        0x4 ./Generated_Code/HIDM1.o
 .bss.transactionOngoing
                0x1ffff53c        0x1 ./Generated_Code/HIDM1.o
 .bss.mouse_init
                0x1ffff53d        0x1 ./Generated_Code/HIDM1.o
 *fill*         0x1ffff53e        0x2 00
 .bss.DeviceDataPrv__DEFAULT_RTOS_ALLOC
                0x1ffff540        0x4 ./Generated_Code/BitIoLdd1.o
 .bss.DeviceDataPrv__DEFAULT_RTOS_ALLOC
                0x1ffff544       0x20 ./Generated_Code/ASerialLdd1.o
 .bss.argv      0x1ffff564        0x4 ./Project_Settings/Startup_Code/__arm_start.o
 .bss.__stdio_exit
                0x1ffff568        0x4 C:/Freescale/CW MCU v10.6/MCU/ARM_GCC_Support/ewl/lib/armv6-m\libc.a(exit.o)
                0x1ffff568                __stdio_exit
 .bss.__console_exit
                0x1ffff56c        0x4 C:/Freescale/CW MCU v10.6/MCU/ARM_GCC_Support/ewl/lib/armv6-m\libc.a(exit.o)
                0x1ffff56c                __console_exit
 .bss.__S_romp  0x1ffff570        0xc C:/Freescale/CW MCU v10.6/MCU/ARM_GCC_Support/ewl/lib/armv6-m\librt.a(ROMCopy.o)
 .bss.__global_destructor_chain
                0x1ffff57c        0x4 C:/Freescale/CW MCU v10.6/MCU/ARM_GCC_Support/ewl/lib/armv6-m\librt.a(__arm_eabi_init.o)
                0x1ffff57c                __global_destructor_chain
 *(COMMON)
 COMMON         0x1ffff580        0x2 ./Generated_Code/usb_hid.o
                0x1ffff580                g_class_request_params
 *fill*         0x1ffff582       0x7e 00
 COMMON         0x1ffff600      0x400 ./Generated_Code/usb_dci_kinetis.o
                0x1ffff600                g_Mem
 COMMON         0x1ffffa00        0x4 ./Generated_Code/Inhr2.o
                0x1ffffa00                ASerialLdd1_DeviceDataPtr
 COMMON         0x1ffffa04        0x8 ./Generated_Code/I2C.o
                0x1ffffa04                I2C_SndRcvTemp
                0x1ffffa08                IntI2cLdd1_DeviceDataPtr
                0x1ffffa0c                . = ALIGN (0x4)
                0x1ffffa0c                __END_BSS = .
                0x1ffffa0c                PROVIDE (__bss_end__, __END_BSS)
                0x00007150                _romp_at = (___ROM_AT + SIZEOF (.data))

.romp           0x1ffffa0c       0x18 load address 0x00007150
                0x00007150                __S_romp = _romp_at
                0x1ffffa0c        0x4 LONG 0x705c ___ROM_AT
                0x1ffffa10        0x4 LONG 0x1ffff000 _sdata
                0x1ffffa14        0x4 LONG 0xf4 ___data_size
                0x1ffffa18        0x4 LONG 0x0
                0x1ffffa1c        0x4 LONG 0x0
                0x1ffffa20        0x4 LONG 0x0

._user_heap_stack
                0x1ffffa24      0x400 load address 0x00007168
                0x1ffffa24                . = ALIGN (0x4)
                0x1ffffa24                PROVIDE (end, .)
                0x1ffffa24                PROVIDE (_end, .)
                0x1ffffa24                __heap_addr = .
                0x1ffffa24                . = (. + __heap_size)
                0x1ffffe24                . = (. + __stack_size)
 *fill*         0x1ffffa24      0x400 00
                0x1ffffe24                . = ALIGN (0x4)

.ARM.attributes
                0x00000000       0x31
 *(.ARM.attributes)
 .ARM.attributes
                0x00000000       0x31 ./Generated_Code/wdt_kinetis.o
 .ARM.attributes
                0x00000031       0x31 ./Generated_Code/usb_hid.o
 .ARM.attributes
                0x00000062       0x31 ./Generated_Code/usb_framework.o
 .ARM.attributes
                0x00000093       0x31 ./Generated_Code/usb_driver.o
 .ARM.attributes
                0x000000c4       0x31 ./Generated_Code/usb_descriptor.o
 .ARM.attributes
                0x000000f5       0x31 ./Generated_Code/usb_dci_kinetis.o
 .ARM.attributes
                0x00000126       0x31 ./Generated_Code/usb_class.o
 .ARM.attributes
                0x00000157       0x31 ./Generated_Code/Vectors.o
 .ARM.attributes
                0x00000188       0x31 ./Generated_Code/USB1.o
 .ARM.attributes
                0x000001b9       0x31 ./Generated_Code/USB0.o
 .ARM.attributes
                0x000001ea       0x31 ./Generated_Code/Tx2.o
 .ARM.attributes
                0x0000021b       0x31 ./Generated_Code/Term1.o
 .ARM.attributes
                0x0000024c       0x31 ./Generated_Code/SW1.o
 .ARM.attributes
                0x0000027d       0x31 ./Generated_Code/PE_LDD.o
 .ARM.attributes
                0x000002ae       0x31 ./Generated_Code/IntI2cLdd1.o
 .ARM.attributes
                0x000002df       0x31 ./Generated_Code/Inhr2.o
 .ARM.attributes
                0x00000310       0x31 ./Generated_Code/I2C.o
 .ARM.attributes
                0x00000341       0x31 ./Generated_Code/HIDM1.o
 .ARM.attributes
                0x00000372       0x31 ./Generated_Code/Cpu.o
 .ARM.attributes
                0x000003a3       0x31 ./Generated_Code/BitIoLdd1.o
 .ARM.attributes
                0x000003d4       0x31 ./Generated_Code/ASerialLdd1.o
 .ARM.attributes
                0x00000405       0x31 ./Project_Settings/Startup_Code/__arm_start.o
 .ARM.attributes
                0x00000436       0x31 ./Project_Settings/Startup_Code/__arm_end.o
 .ARM.attributes
                0x00000467       0x31 ./Sources/main.o
 .ARM.attributes
                0x00000498       0x31 ./Sources/Events.o
 .ARM.attributes
                0x000004c9       0x31 C:/Freescale/CW MCU v10.6/MCU/ARM_GCC_Support/ewl/lib/armv6-m\libc.a(exit.o)
 .ARM.attributes
                0x000004fa       0x31 C:/Freescale/CW MCU v10.6/MCU/ARM_GCC_Support/ewl/lib/armv6-m\libc.a(memcpy.o)
 .ARM.attributes
                0x0000052b       0x31 C:/Freescale/CW MCU v10.6/MCU/ARM_GCC_Support/ewl/lib/armv6-m\libc.a(memset.o)
 .ARM.attributes
                0x0000055c       0x31 C:/Freescale/CW MCU v10.6/MCU/ARM_GCC_Support/ewl/lib/armv6-m\libc.a(printformat_.o)
 .ARM.attributes
                0x0000058d       0x31 C:/Freescale/CW MCU v10.6/MCU/ARM_GCC_Support/ewl/lib/armv6-m\libc.a(scanformat_.o)
 .ARM.attributes
                0x000005be       0x31 C:/Freescale/CW MCU v10.6/MCU/ARM_GCC_Support/ewl/lib/armv6-m\libc.a(ctype_aeabi.o)
 .ARM.attributes
                0x000005ef       0x31 C:/Freescale/CW MCU v10.6/MCU/ARM_GCC_Support/ewl/lib/armv6-m\libc.a(__strtoul.o)
 .ARM.attributes
                0x00000620       0x31 C:/Freescale/CW MCU v10.6/MCU/ARM_GCC_Support/ewl/lib/armv6-m\libc.a(__filll_mem.o)
 .ARM.attributes
                0x00000651       0x31 C:/Freescale/CW MCU v10.6/MCU/ARM_GCC_Support/ewl/lib/armv6-m\libc.a(memchr.o)
 .ARM.attributes
                0x00000682       0x31 C:/Freescale/CW MCU v10.6/MCU/ARM_GCC_Support/ewl/lib/armv6-m\libc.a(strchr.o)
 .ARM.attributes
                0x000006b3       0x31 C:/Freescale/CW MCU v10.6/MCU/ARM_GCC_Support/ewl/lib/armv6-m\libc.a(strlen.o)
 .ARM.attributes
                0x000006e4       0x1e c:/freescale/cw mcu v10.6/cross_tools/arm-none-eabi-gcc-4_7_3/bin/../lib/gcc/arm-none-eabi/4.7.3/armv6-m\libgcc.a(_thumb1_case_sqi.o)
 .ARM.attributes
                0x00000702       0x1e c:/freescale/cw mcu v10.6/cross_tools/arm-none-eabi-gcc-4_7_3/bin/../lib/gcc/arm-none-eabi/4.7.3/armv6-m\libgcc.a(_thumb1_case_uqi.o)
 .ARM.attributes
                0x00000720       0x1e c:/freescale/cw mcu v10.6/cross_tools/arm-none-eabi-gcc-4_7_3/bin/../lib/gcc/arm-none-eabi/4.7.3/armv6-m\libgcc.a(_udivsi3.o)
 .ARM.attributes
                0x0000073e       0x1e c:/freescale/cw mcu v10.6/cross_tools/arm-none-eabi-gcc-4_7_3/bin/../lib/gcc/arm-none-eabi/4.7.3/armv6-m\libgcc.a(_divsi3.o)
 .ARM.attributes
                0x0000075c       0x1e c:/freescale/cw mcu v10.6/cross_tools/arm-none-eabi-gcc-4_7_3/bin/../lib/gcc/arm-none-eabi/4.7.3/armv6-m\libgcc.a(_dvmd_tls.o)
 .ARM.attributes
                0x0000077a       0x31 C:/Freescale/CW MCU v10.6/MCU/ARM_GCC_Support/ewl/lib/armv6-m\librt.a(gcc_ctor_dtor.o)
 .ARM.attributes
                0x000007ab       0x31 C:/Freescale/CW MCU v10.6/MCU/ARM_GCC_Support/ewl/lib/armv6-m\librt.a(ROMCopy.o)
 .ARM.attributes
                0x000007dc       0x31 C:/Freescale/CW MCU v10.6/MCU/ARM_GCC_Support/ewl/lib/armv6-m\librt.a(__arm_eabi_init.o)
OUTPUT(Mouse.elf elf32-littlearm)

.debug_info     0x00000000     0x92a5
 .debug_info    0x00000000      0x11d ./Generated_Code/wdt_kinetis.o
 .debug_info    0x0000011d      0x810 ./Generated_Code/usb_hid.o
 .debug_info    0x0000092d      0x974 ./Generated_Code/usb_framework.o
 .debug_info    0x000012a1      0x596 ./Generated_Code/usb_driver.o
 .debug_info    0x00001837      0x632 ./Generated_Code/usb_descriptor.o
 .debug_info    0x00001e69     0x150d ./Generated_Code/usb_dci_kinetis.o
 .debug_info    0x00003376      0x516 ./Generated_Code/usb_class.o
 .debug_info    0x0000388c      0x10b ./Generated_Code/Vectors.o
 .debug_info    0x00003997      0x1d4 ./Generated_Code/USB1.o
 .debug_info    0x00003b6b      0x6e1 ./Generated_Code/USB0.o
 .debug_info    0x0000424c      0x206 ./Generated_Code/Tx2.o
 .debug_info    0x00004452      0x2e9 ./Generated_Code/Term1.o
 .debug_info    0x0000473b       0xbf ./Generated_Code/SW1.o
 .debug_info    0x000047fa      0x255 ./Generated_Code/PE_LDD.o
 .debug_info    0x00004a4f      0x92b ./Generated_Code/IntI2cLdd1.o
 .debug_info    0x0000537a      0x209 ./Generated_Code/Inhr2.o
 .debug_info    0x00005583      0x307 ./Generated_Code/I2C.o
 .debug_info    0x0000588a      0x39d ./Generated_Code/HIDM1.o
 .debug_info    0x00005c27      0x868 ./Generated_Code/Cpu.o
 .debug_info    0x0000648f      0x355 ./Generated_Code/BitIoLdd1.o
 .debug_info    0x000067e4      0x77a ./Generated_Code/ASerialLdd1.o
 .debug_info    0x00006f5e      0x12a ./Project_Settings/Startup_Code/__arm_start.o
 .debug_info    0x00007088       0x54 ./Project_Settings/Startup_Code/__arm_end.o
 .debug_info    0x000070dc      0x51f ./Sources/main.o
 .debug_info    0x000075fb       0x92 ./Sources/Events.o
 .debug_info    0x0000768d       0xe8 C:/Freescale/CW MCU v10.6/MCU/ARM_GCC_Support/ewl/lib/armv6-m\libc.a(exit.o)
 .debug_info    0x00007775      0x10f C:/Freescale/CW MCU v10.6/MCU/ARM_GCC_Support/ewl/lib/armv6-m\libc.a(memcpy.o)
 .debug_info    0x00007884       0xec C:/Freescale/CW MCU v10.6/MCU/ARM_GCC_Support/ewl/lib/armv6-m\libc.a(memset.o)
 .debug_info    0x00007970      0x50d C:/Freescale/CW MCU v10.6/MCU/ARM_GCC_Support/ewl/lib/armv6-m\libc.a(printformat_.o)
 .debug_info    0x00007e7d      0x568 C:/Freescale/CW MCU v10.6/MCU/ARM_GCC_Support/ewl/lib/armv6-m\libc.a(scanformat_.o)
 .debug_info    0x000083e5      0x313 C:/Freescale/CW MCU v10.6/MCU/ARM_GCC_Support/ewl/lib/armv6-m\libc.a(ctype_aeabi.o)
 .debug_info    0x000086f8      0x1d6 C:/Freescale/CW MCU v10.6/MCU/ARM_GCC_Support/ewl/lib/armv6-m\libc.a(__strtoul.o)
 .debug_info    0x000088ce      0x137 C:/Freescale/CW MCU v10.6/MCU/ARM_GCC_Support/ewl/lib/armv6-m\libc.a(__filll_mem.o)
 .debug_info    0x00008a05      0x121 C:/Freescale/CW MCU v10.6/MCU/ARM_GCC_Support/ewl/lib/armv6-m\libc.a(memchr.o)
 .debug_info    0x00008b26      0x10b C:/Freescale/CW MCU v10.6/MCU/ARM_GCC_Support/ewl/lib/armv6-m\libc.a(strchr.o)
 .debug_info    0x00008c31       0xea C:/Freescale/CW MCU v10.6/MCU/ARM_GCC_Support/ewl/lib/armv6-m\libc.a(strlen.o)
 .debug_info    0x00008d1b      0x136 C:/Freescale/CW MCU v10.6/MCU/ARM_GCC_Support/ewl/lib/armv6-m\librt.a(gcc_ctor_dtor.o)
 .debug_info    0x00008e51      0x19b C:/Freescale/CW MCU v10.6/MCU/ARM_GCC_Support/ewl/lib/armv6-m\librt.a(ROMCopy.o)
 .debug_info    0x00008fec      0x2b9 C:/Freescale/CW MCU v10.6/MCU/ARM_GCC_Support/ewl/lib/armv6-m\librt.a(__arm_eabi_init.o)

.debug_abbrev   0x00000000     0x26d9
 .debug_abbrev  0x00000000       0x97 ./Generated_Code/wdt_kinetis.o
 .debug_abbrev  0x00000097      0x1ae ./Generated_Code/usb_hid.o
 .debug_abbrev  0x00000245      0x18e ./Generated_Code/usb_framework.o
 .debug_abbrev  0x000003d3      0x162 ./Generated_Code/usb_driver.o
 .debug_abbrev  0x00000535      0x118 ./Generated_Code/usb_descriptor.o
 .debug_abbrev  0x0000064d      0x24f ./Generated_Code/usb_dci_kinetis.o
 .debug_abbrev  0x0000089c      0x15f ./Generated_Code/usb_class.o
 .debug_abbrev  0x000009fb       0xa3 ./Generated_Code/Vectors.o
 .debug_abbrev  0x00000a9e       0xd5 ./Generated_Code/USB1.o
 .debug_abbrev  0x00000b73       0xd2 ./Generated_Code/USB0.o
 .debug_abbrev  0x00000c45       0xd9 ./Generated_Code/Tx2.o
 .debug_abbrev  0x00000d1e      0x148 ./Generated_Code/Term1.o
 .debug_abbrev  0x00000e66       0x7f ./Generated_Code/SW1.o
 .debug_abbrev  0x00000ee5      0x102 ./Generated_Code/PE_LDD.o
 .debug_abbrev  0x00000fe7      0x168 ./Generated_Code/IntI2cLdd1.o
 .debug_abbrev  0x0000114f      0x103 ./Generated_Code/Inhr2.o
 .debug_abbrev  0x00001252      0x116 ./Generated_Code/I2C.o
 .debug_abbrev  0x00001368      0x16a ./Generated_Code/HIDM1.o
 .debug_abbrev  0x000014d2      0x122 ./Generated_Code/Cpu.o
 .debug_abbrev  0x000015f4      0x105 ./Generated_Code/BitIoLdd1.o
 .debug_abbrev  0x000016f9      0x180 ./Generated_Code/ASerialLdd1.o
 .debug_abbrev  0x00001879       0x92 ./Project_Settings/Startup_Code/__arm_start.o
 .debug_abbrev  0x0000190b       0x4c ./Project_Settings/Startup_Code/__arm_end.o
 .debug_abbrev  0x00001957      0x117 ./Sources/main.o
 .debug_abbrev  0x00001a6e       0x3d ./Sources/Events.o
 .debug_abbrev  0x00001aab       0x7a C:/Freescale/CW MCU v10.6/MCU/ARM_GCC_Support/ewl/lib/armv6-m\libc.a(exit.o)
 .debug_abbrev  0x00001b25       0x95 C:/Freescale/CW MCU v10.6/MCU/ARM_GCC_Support/ewl/lib/armv6-m\libc.a(memcpy.o)
 .debug_abbrev  0x00001bba       0x62 C:/Freescale/CW MCU v10.6/MCU/ARM_GCC_Support/ewl/lib/armv6-m\libc.a(memset.o)
 .debug_abbrev  0x00001c1c      0x200 C:/Freescale/CW MCU v10.6/MCU/ARM_GCC_Support/ewl/lib/armv6-m\libc.a(printformat_.o)
 .debug_abbrev  0x00001e1c      0x1f0 C:/Freescale/CW MCU v10.6/MCU/ARM_GCC_Support/ewl/lib/armv6-m\libc.a(scanformat_.o)
 .debug_abbrev  0x0000200c       0x9e C:/Freescale/CW MCU v10.6/MCU/ARM_GCC_Support/ewl/lib/armv6-m\libc.a(ctype_aeabi.o)
 .debug_abbrev  0x000020aa       0xc2 C:/Freescale/CW MCU v10.6/MCU/ARM_GCC_Support/ewl/lib/armv6-m\libc.a(__strtoul.o)
 .debug_abbrev  0x0000216c       0x78 C:/Freescale/CW MCU v10.6/MCU/ARM_GCC_Support/ewl/lib/armv6-m\libc.a(__filll_mem.o)
 .debug_abbrev  0x000021e4       0x95 C:/Freescale/CW MCU v10.6/MCU/ARM_GCC_Support/ewl/lib/armv6-m\libc.a(memchr.o)
 .debug_abbrev  0x00002279       0x7a C:/Freescale/CW MCU v10.6/MCU/ARM_GCC_Support/ewl/lib/armv6-m\libc.a(strchr.o)
 .debug_abbrev  0x000022f3       0x7a C:/Freescale/CW MCU v10.6/MCU/ARM_GCC_Support/ewl/lib/armv6-m\libc.a(strlen.o)
 .debug_abbrev  0x0000236d       0x99 C:/Freescale/CW MCU v10.6/MCU/ARM_GCC_Support/ewl/lib/armv6-m\librt.a(gcc_ctor_dtor.o)
 .debug_abbrev  0x00002406      0x120 C:/Freescale/CW MCU v10.6/MCU/ARM_GCC_Support/ewl/lib/armv6-m\librt.a(ROMCopy.o)
 .debug_abbrev  0x00002526      0x1b3 C:/Freescale/CW MCU v10.6/MCU/ARM_GCC_Support/ewl/lib/armv6-m\librt.a(__arm_eabi_init.o)

.debug_loc      0x00000000     0x4749
 .debug_loc     0x00000000       0x2c ./Generated_Code/wdt_kinetis.o
 .debug_loc     0x0000002c      0x188 ./Generated_Code/usb_hid.o
 .debug_loc     0x000001b4      0x348 ./Generated_Code/usb_framework.o
 .debug_loc     0x000004fc      0x25c ./Generated_Code/usb_driver.o
 .debug_loc     0x00000758      0x188 ./Generated_Code/usb_descriptor.o
 .debug_loc     0x000008e0      0x4b8 ./Generated_Code/usb_dci_kinetis.o
 .debug_loc     0x00000d98      0x25c ./Generated_Code/usb_class.o
 .debug_loc     0x00000ff4       0x90 ./Generated_Code/USB1.o
 .debug_loc     0x00001084       0x2c ./Generated_Code/USB0.o
 .debug_loc     0x000010b0      0x12c ./Generated_Code/Tx2.o
 .debug_loc     0x000011dc      0x238 ./Generated_Code/Term1.o
 .debug_loc     0x00001414       0x2c ./Generated_Code/SW1.o
 .debug_loc     0x00001440       0x9c ./Generated_Code/PE_LDD.o
 .debug_loc     0x000014dc      0x268 ./Generated_Code/IntI2cLdd1.o
 .debug_loc     0x00001744      0x12c ./Generated_Code/Inhr2.o
 .debug_loc     0x00001870      0x10c ./Generated_Code/I2C.o
 .debug_loc     0x0000197c      0x1b4 ./Generated_Code/HIDM1.o
 .debug_loc     0x00001b30       0xb0 ./Generated_Code/Cpu.o
 .debug_loc     0x00001be0       0xa8 ./Generated_Code/BitIoLdd1.o
 .debug_loc     0x00001c88      0x1cc ./Generated_Code/ASerialLdd1.o
 .debug_loc     0x00001e54       0x2c ./Project_Settings/Startup_Code/__arm_start.o
 .debug_loc     0x00001e80       0x38 ./Project_Settings/Startup_Code/__arm_end.o
 .debug_loc     0x00001eb8      0x17a ./Sources/main.o
 .debug_loc     0x00002032       0x2c ./Sources/Events.o
 .debug_loc     0x0000205e       0x3e C:/Freescale/CW MCU v10.6/MCU/ARM_GCC_Support/ewl/lib/armv6-m\libc.a(exit.o)
 .debug_loc     0x0000209c       0x59 C:/Freescale/CW MCU v10.6/MCU/ARM_GCC_Support/ewl/lib/armv6-m\libc.a(memcpy.o)
 .debug_loc     0x000020f5       0x6f C:/Freescale/CW MCU v10.6/MCU/ARM_GCC_Support/ewl/lib/armv6-m\libc.a(memset.o)
 .debug_loc     0x00002164     0x104b C:/Freescale/CW MCU v10.6/MCU/ARM_GCC_Support/ewl/lib/armv6-m\libc.a(printformat_.o)
 .debug_loc     0x000031af      0x9d8 C:/Freescale/CW MCU v10.6/MCU/ARM_GCC_Support/ewl/lib/armv6-m\libc.a(scanformat_.o)
 .debug_loc     0x00003b87      0x30d C:/Freescale/CW MCU v10.6/MCU/ARM_GCC_Support/ewl/lib/armv6-m\libc.a(ctype_aeabi.o)
 .debug_loc     0x00003e94      0x305 C:/Freescale/CW MCU v10.6/MCU/ARM_GCC_Support/ewl/lib/armv6-m\libc.a(__strtoul.o)
 .debug_loc     0x00004199      0x14a C:/Freescale/CW MCU v10.6/MCU/ARM_GCC_Support/ewl/lib/armv6-m\libc.a(__filll_mem.o)
 .debug_loc     0x000042e3       0x77 C:/Freescale/CW MCU v10.6/MCU/ARM_GCC_Support/ewl/lib/armv6-m\libc.a(memchr.o)
 .debug_loc     0x0000435a       0xaf C:/Freescale/CW MCU v10.6/MCU/ARM_GCC_Support/ewl/lib/armv6-m\libc.a(strchr.o)
 .debug_loc     0x00004409       0x33 C:/Freescale/CW MCU v10.6/MCU/ARM_GCC_Support/ewl/lib/armv6-m\libc.a(strlen.o)
 .debug_loc     0x0000443c       0x9d C:/Freescale/CW MCU v10.6/MCU/ARM_GCC_Support/ewl/lib/armv6-m\librt.a(gcc_ctor_dtor.o)
 .debug_loc     0x000044d9       0xd9 C:/Freescale/CW MCU v10.6/MCU/ARM_GCC_Support/ewl/lib/armv6-m\librt.a(ROMCopy.o)
 .debug_loc     0x000045b2      0x197 C:/Freescale/CW MCU v10.6/MCU/ARM_GCC_Support/ewl/lib/armv6-m\librt.a(__arm_eabi_init.o)

.debug_aranges  0x00000000      0x9c0
 .debug_aranges
                0x00000000       0x20 ./Generated_Code/wdt_kinetis.o
 .debug_aranges
                0x00000020       0x50 ./Generated_Code/usb_hid.o
 .debug_aranges
                0x00000070       0x90 ./Generated_Code/usb_framework.o
 .debug_aranges
                0x00000100       0x70 ./Generated_Code/usb_driver.o
 .debug_aranges
                0x00000170       0x50 ./Generated_Code/usb_descriptor.o
 .debug_aranges
                0x000001c0       0xc8 ./Generated_Code/usb_dci_kinetis.o
 .debug_aranges
                0x00000288       0x70 ./Generated_Code/usb_class.o
 .debug_aranges
                0x000002f8       0x18 ./Generated_Code/Vectors.o
 .debug_aranges
                0x00000310       0x30 ./Generated_Code/USB1.o
 .debug_aranges
                0x00000340       0x20 ./Generated_Code/USB0.o
 .debug_aranges
                0x00000360       0x48 ./Generated_Code/Tx2.o
 .debug_aranges
                0x000003a8       0x70 ./Generated_Code/Term1.o
 .debug_aranges
                0x00000418       0x20 ./Generated_Code/SW1.o
 .debug_aranges
                0x00000438       0x30 ./Generated_Code/PE_LDD.o
 .debug_aranges
                0x00000468       0x70 ./Generated_Code/IntI2cLdd1.o
 .debug_aranges
                0x000004d8       0x48 ./Generated_Code/Inhr2.o
 .debug_aranges
                0x00000520       0x40 ./Generated_Code/I2C.o
 .debug_aranges
                0x00000560       0x58 ./Generated_Code/HIDM1.o
 .debug_aranges
                0x000005b8       0x38 ./Generated_Code/Cpu.o
 .debug_aranges
                0x000005f0       0x30 ./Generated_Code/BitIoLdd1.o
 .debug_aranges
                0x00000620       0x58 ./Generated_Code/ASerialLdd1.o
 .debug_aranges
                0x00000678       0x30 ./Project_Settings/Startup_Code/__arm_start.o
 .debug_aranges
                0x000006a8       0x20 ./Project_Settings/Startup_Code/__arm_end.o
 .debug_aranges
                0x000006c8       0x58 ./Sources/main.o
 .debug_aranges
                0x00000720       0x20 ./Sources/Events.o
 .debug_aranges
                0x00000740       0x20 C:/Freescale/CW MCU v10.6/MCU/ARM_GCC_Support/ewl/lib/armv6-m\libc.a(exit.o)
 .debug_aranges
                0x00000760       0x20 C:/Freescale/CW MCU v10.6/MCU/ARM_GCC_Support/ewl/lib/armv6-m\libc.a(memcpy.o)
 .debug_aranges
                0x00000780       0x20 C:/Freescale/CW MCU v10.6/MCU/ARM_GCC_Support/ewl/lib/armv6-m\libc.a(memset.o)
 .debug_aranges
                0x000007a0       0x28 C:/Freescale/CW MCU v10.6/MCU/ARM_GCC_Support/ewl/lib/armv6-m\libc.a(printformat_.o)
 .debug_aranges
                0x000007c8       0x20 C:/Freescale/CW MCU v10.6/MCU/ARM_GCC_Support/ewl/lib/armv6-m\libc.a(scanformat_.o)
 .debug_aranges
                0x000007e8       0x88 C:/Freescale/CW MCU v10.6/MCU/ARM_GCC_Support/ewl/lib/armv6-m\libc.a(ctype_aeabi.o)
 .debug_aranges
                0x00000870       0x20 C:/Freescale/CW MCU v10.6/MCU/ARM_GCC_Support/ewl/lib/armv6-m\libc.a(__strtoul.o)
 .debug_aranges
                0x00000890       0x20 C:/Freescale/CW MCU v10.6/MCU/ARM_GCC_Support/ewl/lib/armv6-m\libc.a(__filll_mem.o)
 .debug_aranges
                0x000008b0       0x20 C:/Freescale/CW MCU v10.6/MCU/ARM_GCC_Support/ewl/lib/armv6-m\libc.a(memchr.o)
 .debug_aranges
                0x000008d0       0x20 C:/Freescale/CW MCU v10.6/MCU/ARM_GCC_Support/ewl/lib/armv6-m\libc.a(strchr.o)
 .debug_aranges
                0x000008f0       0x20 C:/Freescale/CW MCU v10.6/MCU/ARM_GCC_Support/ewl/lib/armv6-m\libc.a(strlen.o)
 .debug_aranges
                0x00000910       0x28 C:/Freescale/CW MCU v10.6/MCU/ARM_GCC_Support/ewl/lib/armv6-m\librt.a(gcc_ctor_dtor.o)
 .debug_aranges
                0x00000938       0x30 C:/Freescale/CW MCU v10.6/MCU/ARM_GCC_Support/ewl/lib/armv6-m\librt.a(ROMCopy.o)
 .debug_aranges
                0x00000968       0x58 C:/Freescale/CW MCU v10.6/MCU/ARM_GCC_Support/ewl/lib/armv6-m\librt.a(__arm_eabi_init.o)

.debug_macinfo  0x00000000   0x449f78
 .debug_macinfo
                0x00000000    0x2e0e6 ./Generated_Code/wdt_kinetis.o
 .debug_macinfo
                0x0002e0e6    0x2fa96 ./Generated_Code/usb_hid.o
 .debug_macinfo
                0x0005db7c    0x2fc93 ./Generated_Code/usb_framework.o
 .debug_macinfo
                0x0008d80f    0x2fe5b ./Generated_Code/usb_driver.o
 .debug_macinfo
                0x000bd66a    0x2f907 ./Generated_Code/usb_descriptor.o
 .debug_macinfo
                0x000ecf71    0x2ff3f ./Generated_Code/usb_dci_kinetis.o
 .debug_macinfo
                0x0011ceb0    0x2fc37 ./Generated_Code/usb_class.o
 .debug_macinfo
                0x0014cae7    0x2f80c ./Generated_Code/Vectors.o
 .debug_macinfo
                0x0017c2f3    0x2e4cb ./Generated_Code/USB1.o
 .debug_macinfo
                0x001aa7be    0x2dd22 ./Generated_Code/USB0.o
 .debug_macinfo
                0x001d84e0    0x2dfbe ./Generated_Code/Tx2.o
 .debug_macinfo
                0x0020649e    0x2df94 ./Generated_Code/Term1.o
 .debug_macinfo
                0x00234432    0x2ed1d ./Generated_Code/SW1.o
 .debug_macinfo
                0x0026314f    0x2f7c8 ./Generated_Code/PE_LDD.o
 .debug_macinfo
                0x00292917    0x34ddf ./Generated_Code/IntI2cLdd1.o
 .debug_macinfo
                0x002c76f6    0x2dfbb ./Generated_Code/Inhr2.o
 .debug_macinfo
                0x002f56b1    0x2df83 ./Generated_Code/I2C.o
 .debug_macinfo
                0x00323634    0x303bc ./Generated_Code/HIDM1.o
 .debug_macinfo
                0x003539f0    0x2f80c ./Generated_Code/Cpu.o
 .debug_macinfo
                0x003831fc    0x2ec5a ./Generated_Code/BitIoLdd1.o
 .debug_macinfo
                0x003b1e56    0x31d1a ./Generated_Code/ASerialLdd1.o
 .debug_macinfo
                0x003e3b70     0x3e6d ./Project_Settings/Startup_Code/__arm_start.o
 .debug_macinfo
                0x003e79dd     0x3456 ./Project_Settings/Startup_Code/__arm_end.o
 .debug_macinfo
                0x003eae33    0x2f949 ./Sources/main.o
 .debug_macinfo
                0x0041a77c    0x2f7fc ./Sources/Events.o

.debug_line     0x00000000     0x677f
 .debug_line    0x00000000      0x28b ./Generated_Code/wdt_kinetis.o
 .debug_line    0x0000028b      0x419 ./Generated_Code/usb_hid.o
 .debug_line    0x000006a4      0x4e0 ./Generated_Code/usb_framework.o
 .debug_line    0x00000b84      0x404 ./Generated_Code/usb_driver.o
 .debug_line    0x00000f88      0x3a0 ./Generated_Code/usb_descriptor.o
 .debug_line    0x00001328      0x688 ./Generated_Code/usb_dci_kinetis.o
 .debug_line    0x000019b0      0x3f9 ./Generated_Code/usb_class.o
 .debug_line    0x00001da9      0x468 ./Generated_Code/Vectors.o
 .debug_line    0x00002211      0x2cd ./Generated_Code/USB1.o
 .debug_line    0x000024de      0x240 ./Generated_Code/USB0.o
 .debug_line    0x0000271e      0x291 ./Generated_Code/Tx2.o
 .debug_line    0x000029af      0x34d ./Generated_Code/Term1.o
 .debug_line    0x00002cfc      0x290 ./Generated_Code/SW1.o
 .debug_line    0x00002f8c      0x386 ./Generated_Code/PE_LDD.o
 .debug_line    0x00003312      0x3f8 ./Generated_Code/IntI2cLdd1.o
 .debug_line    0x0000370a      0x299 ./Generated_Code/Inhr2.o
 .debug_line    0x000039a3      0x2ba ./Generated_Code/I2C.o
 .debug_line    0x00003c5d      0x48f ./Generated_Code/HIDM1.o
 .debug_line    0x000040ec      0x4e0 ./Generated_Code/Cpu.o
 .debug_line    0x000045cc      0x2ac ./Generated_Code/BitIoLdd1.o
 .debug_line    0x00004878      0x365 ./Generated_Code/ASerialLdd1.o
 .debug_line    0x00004bdd      0x28f ./Project_Settings/Startup_Code/__arm_start.o
 .debug_line    0x00004e6c      0x266 ./Project_Settings/Startup_Code/__arm_end.o
 .debug_line    0x000050d2      0x452 ./Sources/main.o
 .debug_line    0x00005524      0x37f ./Sources/Events.o
 .debug_line    0x000058a3       0x8d C:/Freescale/CW MCU v10.6/MCU/ARM_GCC_Support/ewl/lib/armv6-m\libc.a(exit.o)
 .debug_line    0x00005930       0x8b C:/Freescale/CW MCU v10.6/MCU/ARM_GCC_Support/ewl/lib/armv6-m\libc.a(memcpy.o)
 .debug_line    0x000059bb       0x90 C:/Freescale/CW MCU v10.6/MCU/ARM_GCC_Support/ewl/lib/armv6-m\libc.a(memset.o)
 .debug_line    0x00005a4b      0x2c3 C:/Freescale/CW MCU v10.6/MCU/ARM_GCC_Support/ewl/lib/armv6-m\libc.a(printformat_.o)
 .debug_line    0x00005d0e      0x2be C:/Freescale/CW MCU v10.6/MCU/ARM_GCC_Support/ewl/lib/armv6-m\libc.a(scanformat_.o)
 .debug_line    0x00005fcc      0x1be C:/Freescale/CW MCU v10.6/MCU/ARM_GCC_Support/ewl/lib/armv6-m\libc.a(ctype_aeabi.o)
 .debug_line    0x0000618a      0x11e C:/Freescale/CW MCU v10.6/MCU/ARM_GCC_Support/ewl/lib/armv6-m\libc.a(__strtoul.o)
 .debug_line    0x000062a8       0xf6 C:/Freescale/CW MCU v10.6/MCU/ARM_GCC_Support/ewl/lib/armv6-m\libc.a(__filll_mem.o)
 .debug_line    0x0000639e       0x9f C:/Freescale/CW MCU v10.6/MCU/ARM_GCC_Support/ewl/lib/armv6-m\libc.a(memchr.o)
 .debug_line    0x0000643d       0x7d C:/Freescale/CW MCU v10.6/MCU/ARM_GCC_Support/ewl/lib/armv6-m\libc.a(strchr.o)
 .debug_line    0x000064ba       0x85 C:/Freescale/CW MCU v10.6/MCU/ARM_GCC_Support/ewl/lib/armv6-m\libc.a(strlen.o)
 .debug_line    0x0000653f       0x6c C:/Freescale/CW MCU v10.6/MCU/ARM_GCC_Support/ewl/lib/armv6-m\librt.a(gcc_ctor_dtor.o)
 .debug_line    0x000065ab       0xbd C:/Freescale/CW MCU v10.6/MCU/ARM_GCC_Support/ewl/lib/armv6-m\librt.a(ROMCopy.o)
 .debug_line    0x00006668      0x117 C:/Freescale/CW MCU v10.6/MCU/ARM_GCC_Support/ewl/lib/armv6-m\librt.a(__arm_eabi_init.o)

.debug_str      0x00000000     0x2b7a
 .debug_str     0x00000000      0x145 ./Generated_Code/wdt_kinetis.o
                                0x17e (size before relaxing)
 .debug_str     0x00000145      0x346 ./Generated_Code/usb_hid.o
                                0x523 (size before relaxing)
 .debug_str     0x0000048b      0x29b ./Generated_Code/usb_framework.o
                                0x501 (size before relaxing)
 .debug_str     0x00000726      0x21c ./Generated_Code/usb_driver.o
                                0x3f6 (size before relaxing)
 .debug_str     0x00000942      0x27b ./Generated_Code/usb_descriptor.o
                                0x46d (size before relaxing)
 .debug_str     0x00000bbd      0x6e8 ./Generated_Code/usb_dci_kinetis.o
                                0x99f (size before relaxing)
 .debug_str     0x000012a5      0x120 ./Generated_Code/usb_class.o
                                0x3a8 (size before relaxing)
 .debug_str     0x000013c5       0x55 ./Generated_Code/Vectors.o
                                0x16d (size before relaxing)
 .debug_str     0x0000141a       0x73 ./Generated_Code/USB1.o
                                0x1c4 (size before relaxing)
 .debug_str     0x0000148d       0x30 ./Generated_Code/USB0.o
                                0x3eb (size before relaxing)
 .debug_str     0x000014bd       0xb6 ./Generated_Code/Tx2.o
                                0x1d3 (size before relaxing)
 .debug_str     0x00001573       0xd8 ./Generated_Code/Term1.o
                                0x20b (size before relaxing)
 .debug_str     0x0000164b       0x49 ./Generated_Code/SW1.o
                                0x150 (size before relaxing)
 .debug_str     0x00001694      0x172 ./Generated_Code/PE_LDD.o
                                0x2d0 (size before relaxing)
 .debug_str     0x00001806      0x3ae ./Generated_Code/IntI2cLdd1.o
                                0x616 (size before relaxing)
 .debug_str     0x00001bb4       0xd8 ./Generated_Code/Inhr2.o
                                0x233 (size before relaxing)
 .debug_str     0x00001c8c       0x98 ./Generated_Code/I2C.o
                                0x2ba (size before relaxing)
 .debug_str     0x00001d24       0xf8 ./Generated_Code/HIDM1.o
                                0x28f (size before relaxing)
 .debug_str     0x00001e1c      0x15f ./Generated_Code/Cpu.o
                                0x3ef (size before relaxing)
 .debug_str     0x00001f7b       0xc6 ./Generated_Code/BitIoLdd1.o
                                0x2c2 (size before relaxing)
 .debug_str     0x00002041      0x18f ./Generated_Code/ASerialLdd1.o
                                0x47e (size before relaxing)
 .debug_str     0x000021d0       0x85 ./Project_Settings/Startup_Code/__arm_start.o
                                0x18e (size before relaxing)
 .debug_str     0x00002255       0x3a ./Project_Settings/Startup_Code/__arm_end.o
                                 0xc5 (size before relaxing)
 .debug_str     0x0000228f       0x76 ./Sources/main.o
                                0x2f3 (size before relaxing)
 .debug_str     0x00002305       0x21 ./Sources/Events.o
                                0x130 (size before relaxing)
 .debug_str     0x00002326       0x54 C:/Freescale/CW MCU v10.6/MCU/ARM_GCC_Support/ewl/lib/armv6-m\libc.a(exit.o)
                                0x157 (size before relaxing)
 .debug_str     0x0000237a       0x23 C:/Freescale/CW MCU v10.6/MCU/ARM_GCC_Support/ewl/lib/armv6-m\libc.a(memcpy.o)
                                0x138 (size before relaxing)
 .debug_str     0x0000239d       0x1c C:/Freescale/CW MCU v10.6/MCU/ARM_GCC_Support/ewl/lib/armv6-m\libc.a(memset.o)
                                0x140 (size before relaxing)
 .debug_str     0x000023b9      0x22d C:/Freescale/CW MCU v10.6/MCU/ARM_GCC_Support/ewl/lib/armv6-m\libc.a(printformat_.o)
                                0x3b3 (size before relaxing)
 .debug_str     0x000025e6      0x184 C:/Freescale/CW MCU v10.6/MCU/ARM_GCC_Support/ewl/lib/armv6-m\libc.a(scanformat_.o)
                                0x3f9 (size before relaxing)
 .debug_str     0x0000276a       0x9d C:/Freescale/CW MCU v10.6/MCU/ARM_GCC_Support/ewl/lib/armv6-m\libc.a(ctype_aeabi.o)
                                0x1bc (size before relaxing)
 .debug_str     0x00002807       0x55 C:/Freescale/CW MCU v10.6/MCU/ARM_GCC_Support/ewl/lib/armv6-m\libc.a(__strtoul.o)
                                0x1fb (size before relaxing)
 .debug_str     0x0000285c       0x25 C:/Freescale/CW MCU v10.6/MCU/ARM_GCC_Support/ewl/lib/armv6-m\libc.a(__filll_mem.o)
                                0x152 (size before relaxing)
 .debug_str     0x00002881       0x1c C:/Freescale/CW MCU v10.6/MCU/ARM_GCC_Support/ewl/lib/armv6-m\libc.a(memchr.o)
                                0x148 (size before relaxing)
 .debug_str     0x0000289d       0x1c C:/Freescale/CW MCU v10.6/MCU/ARM_GCC_Support/ewl/lib/armv6-m\libc.a(strchr.o)
                                0x137 (size before relaxing)
 .debug_str     0x000028b9       0x1c C:/Freescale/CW MCU v10.6/MCU/ARM_GCC_Support/ewl/lib/armv6-m\libc.a(strlen.o)
                                0x140 (size before relaxing)
 .debug_str     0x000028d5      0x126 C:/Freescale/CW MCU v10.6/MCU/ARM_GCC_Support/ewl/lib/armv6-m\librt.a(gcc_ctor_dtor.o)
                                0x181 (size before relaxing)
 .debug_str     0x000029fb       0x96 C:/Freescale/CW MCU v10.6/MCU/ARM_GCC_Support/ewl/lib/armv6-m\librt.a(ROMCopy.o)
                                0x13c (size before relaxing)
 .debug_str     0x00002a91       0xe9 C:/Freescale/CW MCU v10.6/MCU/ARM_GCC_Support/ewl/lib/armv6-m\librt.a(__arm_eabi_init.o)
                                0x1b5 (size before relaxing)

.comment        0x00000000       0x79
 .comment       0x00000000       0x79 ./Generated_Code/wdt_kinetis.o
                                 0x7a (size before relaxing)
 .comment       0x00000000       0x7a ./Generated_Code/usb_hid.o
 .comment       0x00000000       0x7a ./Generated_Code/usb_framework.o
 .comment       0x00000000       0x7a ./Generated_Code/usb_driver.o
 .comment       0x00000000       0x7a ./Generated_Code/usb_descriptor.o
 .comment       0x00000000       0x7a ./Generated_Code/usb_dci_kinetis.o
 .comment       0x00000000       0x7a ./Generated_Code/usb_class.o
 .comment       0x00000000       0x7a ./Generated_Code/Vectors.o
 .comment       0x00000000       0x7a ./Generated_Code/USB1.o
 .comment       0x00000000       0x7a ./Generated_Code/USB0.o
 .comment       0x00000000       0x7a ./Generated_Code/Tx2.o
 .comment       0x00000000       0x7a ./Generated_Code/Term1.o
 .comment       0x00000000       0x7a ./Generated_Code/SW1.o
 .comment       0x00000000       0x7a ./Generated_Code/PE_LDD.o
 .comment       0x00000000       0x7a ./Generated_Code/IntI2cLdd1.o
 .comment       0x00000000       0x7a ./Generated_Code/Inhr2.o
 .comment       0x00000000       0x7a ./Generated_Code/I2C.o
 .comment       0x00000000       0x7a ./Generated_Code/HIDM1.o
 .comment       0x00000000       0x7a ./Generated_Code/Cpu.o
 .comment       0x00000000       0x7a ./Generated_Code/BitIoLdd1.o
 .comment       0x00000000       0x7a ./Generated_Code/ASerialLdd1.o
 .comment       0x00000000       0x7a ./Project_Settings/Startup_Code/__arm_start.o
 .comment       0x00000000       0x7a ./Project_Settings/Startup_Code/__arm_end.o
 .comment       0x00000000       0x7a ./Sources/main.o
 .comment       0x00000000       0x7a ./Sources/Events.o
 .comment       0x00000000       0x7a C:/Freescale/CW MCU v10.6/MCU/ARM_GCC_Support/ewl/lib/armv6-m\libc.a(exit.o)
 .comment       0x00000000       0x7a C:/Freescale/CW MCU v10.6/MCU/ARM_GCC_Support/ewl/lib/armv6-m\libc.a(memcpy.o)
 .comment       0x00000000       0x7a C:/Freescale/CW MCU v10.6/MCU/ARM_GCC_Support/ewl/lib/armv6-m\libc.a(memset.o)
 .comment       0x00000000       0x7a C:/Freescale/CW MCU v10.6/MCU/ARM_GCC_Support/ewl/lib/armv6-m\libc.a(printformat_.o)
 .comment       0x00000000       0x7a C:/Freescale/CW MCU v10.6/MCU/ARM_GCC_Support/ewl/lib/armv6-m\libc.a(scanformat_.o)
 .comment       0x00000000       0x7a C:/Freescale/CW MCU v10.6/MCU/ARM_GCC_Support/ewl/lib/armv6-m\libc.a(ctype_aeabi.o)
 .comment       0x00000000       0x7a C:/Freescale/CW MCU v10.6/MCU/ARM_GCC_Support/ewl/lib/armv6-m\libc.a(__strtoul.o)
 .comment       0x00000000       0x7a C:/Freescale/CW MCU v10.6/MCU/ARM_GCC_Support/ewl/lib/armv6-m\libc.a(__filll_mem.o)
 .comment       0x00000000       0x7a C:/Freescale/CW MCU v10.6/MCU/ARM_GCC_Support/ewl/lib/armv6-m\libc.a(memchr.o)
 .comment       0x00000000       0x7a C:/Freescale/CW MCU v10.6/MCU/ARM_GCC_Support/ewl/lib/armv6-m\libc.a(strchr.o)
 .comment       0x00000000       0x7a C:/Freescale/CW MCU v10.6/MCU/ARM_GCC_Support/ewl/lib/armv6-m\libc.a(strlen.o)
 .comment       0x00000000       0x7a C:/Freescale/CW MCU v10.6/MCU/ARM_GCC_Support/ewl/lib/armv6-m\librt.a(gcc_ctor_dtor.o)
 .comment       0x00000000       0x7a C:/Freescale/CW MCU v10.6/MCU/ARM_GCC_Support/ewl/lib/armv6-m\librt.a(ROMCopy.o)
 .comment       0x00000000       0x7a C:/Freescale/CW MCU v10.6/MCU/ARM_GCC_Support/ewl/lib/armv6-m\librt.a(__arm_eabi_init.o)

.debug_frame    0x00000000     0x1954
 .debug_frame   0x00000000       0x2c ./Generated_Code/wdt_kinetis.o
 .debug_frame   0x0000002c       0xf8 ./Generated_Code/usb_hid.o
 .debug_frame   0x00000124      0x1f8 ./Generated_Code/usb_framework.o
 .debug_frame   0x0000031c      0x16c ./Generated_Code/usb_driver.o
 .debug_frame   0x00000488       0xf0 ./Generated_Code/usb_descriptor.o
 .debug_frame   0x00000578      0x2c8 ./Generated_Code/usb_dci_kinetis.o
 .debug_frame   0x00000840      0x170 ./Generated_Code/usb_class.o
 .debug_frame   0x000009b0       0x68 ./Generated_Code/USB1.o
 .debug_frame   0x00000a18       0x2c ./Generated_Code/USB0.o
 .debug_frame   0x00000a44       0xc4 ./Generated_Code/Tx2.o
 .debug_frame   0x00000b08      0x160 ./Generated_Code/Term1.o
 .debug_frame   0x00000c68       0x2c ./Generated_Code/SW1.o
 .debug_frame   0x00000c94       0x6c ./Generated_Code/PE_LDD.o
 .debug_frame   0x00000d00      0x170 ./Generated_Code/IntI2cLdd1.o
 .debug_frame   0x00000e70       0xc4 ./Generated_Code/Inhr2.o
 .debug_frame   0x00000f34       0xac ./Generated_Code/I2C.o
 .debug_frame   0x00000fe0      0x10c ./Generated_Code/HIDM1.o
 .debug_frame   0x000010ec       0x80 ./Generated_Code/Cpu.o
 .debug_frame   0x0000116c       0x70 ./Generated_Code/BitIoLdd1.o
 .debug_frame   0x000011dc      0x118 ./Generated_Code/ASerialLdd1.o
 .debug_frame   0x000012f4       0x4c ./Project_Settings/Startup_Code/__arm_start.o
 .debug_frame   0x00001340       0x30 ./Project_Settings/Startup_Code/__arm_end.o
 .debug_frame   0x00001370       0xf8 ./Sources/main.o
 .debug_frame   0x00001468       0x2c ./Sources/Events.o
 .debug_frame   0x00001494       0x2c C:/Freescale/CW MCU v10.6/MCU/ARM_GCC_Support/ewl/lib/armv6-m\libc.a(exit.o)
 .debug_frame   0x000014c0       0x28 C:/Freescale/CW MCU v10.6/MCU/ARM_GCC_Support/ewl/lib/armv6-m\libc.a(memcpy.o)
 .debug_frame   0x000014e8       0x28 C:/Freescale/CW MCU v10.6/MCU/ARM_GCC_Support/ewl/lib/armv6-m\libc.a(memset.o)
 .debug_frame   0x00001510       0x54 C:/Freescale/CW MCU v10.6/MCU/ARM_GCC_Support/ewl/lib/armv6-m\libc.a(printformat_.o)
 .debug_frame   0x00001564       0x34 C:/Freescale/CW MCU v10.6/MCU/ARM_GCC_Support/ewl/lib/armv6-m\libc.a(scanformat_.o)
 .debug_frame   0x00001598      0x158 C:/Freescale/CW MCU v10.6/MCU/ARM_GCC_Support/ewl/lib/armv6-m\libc.a(ctype_aeabi.o)
 .debug_frame   0x000016f0       0x30 C:/Freescale/CW MCU v10.6/MCU/ARM_GCC_Support/ewl/lib/armv6-m\libc.a(__strtoul.o)
 .debug_frame   0x00001720       0x2c C:/Freescale/CW MCU v10.6/MCU/ARM_GCC_Support/ewl/lib/armv6-m\libc.a(__filll_mem.o)
 .debug_frame   0x0000174c       0x28 C:/Freescale/CW MCU v10.6/MCU/ARM_GCC_Support/ewl/lib/armv6-m\libc.a(memchr.o)
 .debug_frame   0x00001774       0x28 C:/Freescale/CW MCU v10.6/MCU/ARM_GCC_Support/ewl/lib/armv6-m\libc.a(strchr.o)
 .debug_frame   0x0000179c       0x28 C:/Freescale/CW MCU v10.6/MCU/ARM_GCC_Support/ewl/lib/armv6-m\libc.a(strlen.o)
 .debug_frame   0x000017c4       0x20 c:/freescale/cw mcu v10.6/cross_tools/arm-none-eabi-gcc-4_7_3/bin/../lib/gcc/arm-none-eabi/4.7.3/armv6-m\libgcc.a(_udivsi3.o)
 .debug_frame   0x000017e4       0x20 c:/freescale/cw mcu v10.6/cross_tools/arm-none-eabi-gcc-4_7_3/bin/../lib/gcc/arm-none-eabi/4.7.3/armv6-m\libgcc.a(_divsi3.o)
 .debug_frame   0x00001804       0x40 C:/Freescale/CW MCU v10.6/MCU/ARM_GCC_Support/ewl/lib/armv6-m\librt.a(gcc_ctor_dtor.o)
 .debug_frame   0x00001844       0x54 C:/Freescale/CW MCU v10.6/MCU/ARM_GCC_Support/ewl/lib/armv6-m\librt.a(ROMCopy.o)
 .debug_frame   0x00001898       0xbc C:/Freescale/CW MCU v10.6/MCU/ARM_GCC_Support/ewl/lib/armv6-m\librt.a(__arm_eabi_init.o)
